ARM Linker, 4.1 [Build 567] [Evaluation]

==============================================================================

Section Cross References

    stm32f10x.o(RESET) refers to stm32f10x.o(STACK) for __initial_sp
    stm32f10x.o(RESET) refers to stm32f10x.o(.text) for Reset_Handler
    stm32f10x.o(RESET) refers to port.o(.emb_text) for vPortSVCHandler
    stm32f10x.o(RESET) refers to port.o(.text) for xPortSysTickHandler
    stm32f10x.o(RESET) refers to serial.o(.text) for vUARTInterruptHandler
    stm32f10x.o(.text) refers to entry.o(.ARM.Collect$$$$00000000) for __main
    stm32f10x_gpio.o(.text) refers to stm32f10x_rcc.o(.text) for RCC_APB2PeriphResetCmd
    stm32f10x_nvic.o(.text) refers to cortexm3_macro_rvds.o(.text) for __SETPRIMASK
    stm32f10x_rcc.o(.text) refers to stm32f10x_rcc.o(.constdata) for APBAHBPrescTable
    stm32f10x_spi.o(.text) refers to stm32f10x_rcc.o(.text) for RCC_APB2PeriphResetCmd
    stm32f10x_tim.o(.text) refers to stm32f10x_rcc.o(.text) for RCC_APB1PeriphResetCmd
    stm32f10x_tim.o(.text) refers to stm32f10x_tim.o(.constdata) for Tab_OCModeMask
    stm32f10x_usart.o(.text) refers to stm32f10x_rcc.o(.text) for RCC_APB2PeriphResetCmd
    main.o(.text) refers to printf3.o(i.__0printf$3) for __2printf
    main.o(.text) refers to queue.o(.text) for xQueueCreate
    main.o(.text) refers to stm32f10x_gpio.o(.text) for GPIO_Init
    main.o(.text) refers to pin_listener.o(.text) for setupPinListeners
    main.o(.text) refers to position_tracker.o(.text) for setupPositionTracker
    main.o(.text) refers to stm32f10x_rcc.o(.text) for RCC_APB1PeriphClockCmd
    main.o(.text) refers to stm32f10x_tim.o(.text) for TIM_DeInit
    main.o(.text) refers to motor.o(.text) for setupMotor
    main.o(.text) refers to setup.o(.text) for prvSetupHardware
    main.o(.text) refers to planner.o(.text) for setupPlanner
    main.o(.text) refers to safety.o(.text) for setupSafety
    main.o(.text) refers to tasks.o(.text) for vTaskStartScheduler
    main.o(.text) refers to main.o(.data) for pinEventQueue
    main.o(.text) refers to main.o(.bss) for carPositionTracker
    setup.o(.text) refers to stm32f10x_rcc.o(.text) for RCC_DeInit
    setup.o(.text) refers to stm32f10x_nvic.o(.text) for NVIC_SetVectorTable
    setup.o(.text) refers to stm32f10x_systick.o(.text) for SysTick_CLKSourceConfig
    setup.o(.text) refers to serial.o(.text) for xSerialPortInitMinimal
    setup.o(.text) refers to setup.o(.data) for xPort
    pin_listener.o(.text) refers to stm32f10x_gpio.o(.text) for GPIO_ReadInputDataBit
    pin_listener.o(.text) refers to queue.o(.text) for xQueueGenericSend
    pin_listener.o(.text) refers to printf3.o(i.__0printf$3) for __2printf
    pin_listener.o(.text) refers to memcpya.o(.text) for __aeabi_memcpy4
    pin_listener.o(.text) refers to tasks.o(.text) for xTaskGetTickCount
    pin_listener.o(.text) refers to main.o(.text) for assert_failed
    position_tracker.o(.text) refers to stm32f10x_gpio.o(.text) for GPIO_ReadInputDataBit
    position_tracker.o(.text) refers to queue.o(.text) for xQueueGenericReceive
    position_tracker.o(.text) refers to printf3.o(i.__0printf$3) for __2printf
    position_tracker.o(.text) refers to tasks.o(.text) for vTaskDelay
    position_tracker.o(.text) refers to main.o(.text) for assert_failed
    motor.o(.text) refers to stm32f10x_tim.o(.text) for TIM_SetCompare1
    motor.o(.text) refers to main.o(.text) for assert_failed
    motor.o(.text) refers to tasks.o(.text) for xTaskGetTickCount
    motor.o(.text) refers to queue.o(.text) for xQueueGenericReceive
    motor.o(.text) refers to position_tracker.o(.text) for getPosition
    planner.o(.text) refers to queue.o(.text) for xQueueGenericReceive
    planner.o(.text) refers to main.o(.text) for getCarPosition
    planner.o(.text) refers to printf3.o(i.__0printf$3) for __2printf
    planner.o(.text) refers to tasks.o(.text) for vTaskDelay
    planner.o(.text) refers to planner.o(.constdata) for .constdata
    planner.o(.text) refers to main.o(.data) for pinEventQueue
    safety.o(.text) refers to tasks.o(.text) for xTaskGetTickCount
    safety.o(.text) refers to stm32f10x_gpio.o(.text) for GPIO_ReadInputDataBit
    safety.o(.text) refers to printf3.o(i.__0printf$3) for __2printf
    safety.o(.text) refers to main.o(.text) for getCarPosition
    heap_2.o(.text) refers to tasks.o(.text) for vTaskSuspendAll
    heap_2.o(.text) refers to heap_2.o(.data) for xHeapHasBeenInitialised
    heap_2.o(.text) refers to heap_2.o(.bss) for xHeap
    port.o(.emb_text) refers to tasks.o(.text) for vTaskSwitchContext
    port.o(.emb_text) refers to tasks.o(.data) for pxCurrentTCB
    port.o(.text) refers to port.o(.emb_text) for vPortStartFirstTask
    port.o(.text) refers to tasks.o(.text) for vTaskIncrementTick
    port.o(.text) refers to port.o(.data) for uxCriticalNesting
    queue.o(.text) refers to heap_2.o(.text) for pvPortMalloc
    queue.o(.text) refers to list.o(.text) for vListInitialise
    queue.o(.text) refers to port.o(.text) for vPortEnterCritical
    queue.o(.text) refers to tasks.o(.text) for xTaskRemoveFromEventList
    queue.o(.text) refers to memcpya.o(.text) for __aeabi_memcpy
    queue.o(.text) refers to port.o(.emb_text) for vPortSetInterruptMask
    tasks.o(.text) refers to list.o(.text) for vListInitialise
    tasks.o(.text) refers to strncpy.o(.text) for strncpy
    tasks.o(.text) refers to heap_2.o(.text) for pvPortMalloc
    tasks.o(.text) refers to memseta.o(.text) for __aeabi_memset
    tasks.o(.text) refers to port.o(.text) for pxPortInitialiseStack
    tasks.o(.text) refers to tasks.o(.bss) for pxReadyTasksLists
    tasks.o(.text) refers to tasks.o(.data) for pxDelayedTaskList
    tasks.o(.text) refers to port.o(.emb_text) for vPortSetInterruptMask
    serial.o(.text) refers to queue.o(.text) for xQueueCreate
    serial.o(.text) refers to stm32f10x_rcc.o(.text) for RCC_APB2PeriphClockCmd
    serial.o(.text) refers to stm32f10x_gpio.o(.text) for GPIO_Init
    serial.o(.text) refers to stm32f10x_usart.o(.text) for USART_Init
    serial.o(.text) refers to stm32f10x_nvic.o(.text) for NVIC_Init
    serial.o(.text) refers to port.o(.text) for vPortYieldFromISR
    serial.o(.text) refers to serial.o(.data) for xRxedChars
    entry.o(.ARM.Collect$$$$00000000) refers (Special) to entry7.o(.ARM.Collect$$$$00000007) for _main_init
    entry.o(.ARM.Collect$$$$00000000) refers (Special) to entry5.o(.ARM.Collect$$$$00000004) for _main_scatterload
    entry.o(.ARM.Collect$$$$00000000) refers (Special) to entry2.o(.ARM.Collect$$$$00000001) for _main_stk
    printfb.o(i.__0fprintf$bare) refers to printfb.o(i._printf_core) for _printf_core
    printfb.o(i.__0fprintf$bare) refers to setup.o(.text) for fputc
    printfb.o(i.__0printf$bare) refers to printfb.o(i._printf_core) for _printf_core
    printfb.o(i.__0printf$bare) refers to setup.o(.text) for fputc
    printfb.o(i.__0printf$bare) refers to stdout.o(.data) for __stdout
    printfb.o(i.__0snprintf$bare) refers to printfb.o(i._printf_core) for _printf_core
    printfb.o(i.__0snprintf$bare) refers to printfb.o(i._snputc) for _snputc
    printfb.o(i.__0sprintf$bare) refers to printfb.o(i._printf_core) for _printf_core
    printfb.o(i.__0sprintf$bare) refers to printfb.o(i._sputc) for _sputc
    printfb.o(i.__0vfprintf$bare) refers to printfb.o(i._printf_core) for _printf_core
    printfb.o(i.__0vfprintf$bare) refers to setup.o(.text) for fputc
    printfb.o(i.__0vprintf$bare) refers to printfb.o(i._printf_core) for _printf_core
    printfb.o(i.__0vprintf$bare) refers to setup.o(.text) for fputc
    printfb.o(i.__0vprintf$bare) refers to stdout.o(.data) for __stdout
    printfb.o(i.__0vsnprintf$bare) refers to printfb.o(i._printf_core) for _printf_core
    printfb.o(i.__0vsnprintf$bare) refers to printfb.o(i._snputc) for _snputc
    printfb.o(i.__0vsprintf$bare) refers to printfb.o(i._printf_core) for _printf_core
    printfb.o(i.__0vsprintf$bare) refers to printfb.o(i._sputc) for _sputc
    printf0.o(i.__0fprintf$0) refers to printf0.o(i._printf_core) for _printf_core
    printf0.o(i.__0fprintf$0) refers to setup.o(.text) for fputc
    printf0.o(i.__0printf$0) refers to printf0.o(i._printf_core) for _printf_core
    printf0.o(i.__0printf$0) refers to setup.o(.text) for fputc
    printf0.o(i.__0printf$0) refers to stdout.o(.data) for __stdout
    printf0.o(i.__0snprintf$0) refers to printf0.o(i._printf_core) for _printf_core
    printf0.o(i.__0snprintf$0) refers to printf0.o(i._snputc) for _snputc
    printf0.o(i.__0sprintf$0) refers to printf0.o(i._printf_core) for _printf_core
    printf0.o(i.__0sprintf$0) refers to printf0.o(i._sputc) for _sputc
    printf0.o(i.__0vfprintf$0) refers to printf0.o(i._printf_core) for _printf_core
    printf0.o(i.__0vfprintf$0) refers to setup.o(.text) for fputc
    printf0.o(i.__0vprintf$0) refers to printf0.o(i._printf_core) for _printf_core
    printf0.o(i.__0vprintf$0) refers to setup.o(.text) for fputc
    printf0.o(i.__0vprintf$0) refers to stdout.o(.data) for __stdout
    printf0.o(i.__0vsnprintf$0) refers to printf0.o(i._printf_core) for _printf_core
    printf0.o(i.__0vsnprintf$0) refers to printf0.o(i._snputc) for _snputc
    printf0.o(i.__0vsprintf$0) refers to printf0.o(i._printf_core) for _printf_core
    printf0.o(i.__0vsprintf$0) refers to printf0.o(i._sputc) for _sputc
    printf1.o(i.__0fprintf$1) refers to printf1.o(i._printf_core) for _printf_core
    printf1.o(i.__0fprintf$1) refers to setup.o(.text) for fputc
    printf1.o(i.__0printf$1) refers to printf1.o(i._printf_core) for _printf_core
    printf1.o(i.__0printf$1) refers to setup.o(.text) for fputc
    printf1.o(i.__0printf$1) refers to stdout.o(.data) for __stdout
    printf1.o(i.__0snprintf$1) refers to printf1.o(i._printf_core) for _printf_core
    printf1.o(i.__0snprintf$1) refers to printf1.o(i._snputc) for _snputc
    printf1.o(i.__0sprintf$1) refers to printf1.o(i._printf_core) for _printf_core
    printf1.o(i.__0sprintf$1) refers to printf1.o(i._sputc) for _sputc
    printf1.o(i.__0vfprintf$1) refers to printf1.o(i._printf_core) for _printf_core
    printf1.o(i.__0vfprintf$1) refers to setup.o(.text) for fputc
    printf1.o(i.__0vprintf$1) refers to printf1.o(i._printf_core) for _printf_core
    printf1.o(i.__0vprintf$1) refers to setup.o(.text) for fputc
    printf1.o(i.__0vprintf$1) refers to stdout.o(.data) for __stdout
    printf1.o(i.__0vsnprintf$1) refers to printf1.o(i._printf_core) for _printf_core
    printf1.o(i.__0vsnprintf$1) refers to printf1.o(i._snputc) for _snputc
    printf1.o(i.__0vsprintf$1) refers to printf1.o(i._printf_core) for _printf_core
    printf1.o(i.__0vsprintf$1) refers to printf1.o(i._sputc) for _sputc
    printf1.o(i._printf_core) refers to uidiv.o(.text) for __aeabi_uidivmod
    printf2.o(i.__0fprintf$2) refers to printf2.o(i._printf_core) for _printf_core
    printf2.o(i.__0fprintf$2) refers to setup.o(.text) for fputc
    printf2.o(i.__0printf$2) refers to printf2.o(i._printf_core) for _printf_core
    printf2.o(i.__0printf$2) refers to setup.o(.text) for fputc
    printf2.o(i.__0printf$2) refers to stdout.o(.data) for __stdout
    printf2.o(i.__0snprintf$2) refers to printf2.o(i._printf_core) for _printf_core
    printf2.o(i.__0snprintf$2) refers to printf2.o(i._snputc) for _snputc
    printf2.o(i.__0sprintf$2) refers to printf2.o(i._printf_core) for _printf_core
    printf2.o(i.__0sprintf$2) refers to printf2.o(i._sputc) for _sputc
    printf2.o(i.__0vfprintf$2) refers to printf2.o(i._printf_core) for _printf_core
    printf2.o(i.__0vfprintf$2) refers to setup.o(.text) for fputc
    printf2.o(i.__0vprintf$2) refers to printf2.o(i._printf_core) for _printf_core
    printf2.o(i.__0vprintf$2) refers to setup.o(.text) for fputc
    printf2.o(i.__0vprintf$2) refers to stdout.o(.data) for __stdout
    printf2.o(i.__0vsnprintf$2) refers to printf2.o(i._printf_core) for _printf_core
    printf2.o(i.__0vsnprintf$2) refers to printf2.o(i._snputc) for _snputc
    printf2.o(i.__0vsprintf$2) refers to printf2.o(i._printf_core) for _printf_core
    printf2.o(i.__0vsprintf$2) refers to printf2.o(i._sputc) for _sputc
    printf3.o(i.__0fprintf$3) refers to printf3.o(i._printf_core) for _printf_core
    printf3.o(i.__0fprintf$3) refers to setup.o(.text) for fputc
    printf3.o(i.__0printf$3) refers to printf3.o(i._printf_core) for _printf_core
    printf3.o(i.__0printf$3) refers to setup.o(.text) for fputc
    printf3.o(i.__0printf$3) refers to stdout.o(.data) for __stdout
    printf3.o(i.__0snprintf$3) refers to printf3.o(i._printf_core) for _printf_core
    printf3.o(i.__0snprintf$3) refers to printf3.o(i._snputc) for _snputc
    printf3.o(i.__0sprintf$3) refers to printf3.o(i._printf_core) for _printf_core
    printf3.o(i.__0sprintf$3) refers to printf3.o(i._sputc) for _sputc
    printf3.o(i.__0vfprintf$3) refers to printf3.o(i._printf_core) for _printf_core
    printf3.o(i.__0vfprintf$3) refers to setup.o(.text) for fputc
    printf3.o(i.__0vprintf$3) refers to printf3.o(i._printf_core) for _printf_core
    printf3.o(i.__0vprintf$3) refers to setup.o(.text) for fputc
    printf3.o(i.__0vprintf$3) refers to stdout.o(.data) for __stdout
    printf3.o(i.__0vsnprintf$3) refers to printf3.o(i._printf_core) for _printf_core
    printf3.o(i.__0vsnprintf$3) refers to printf3.o(i._snputc) for _snputc
    printf3.o(i.__0vsprintf$3) refers to printf3.o(i._printf_core) for _printf_core
    printf3.o(i.__0vsprintf$3) refers to printf3.o(i._sputc) for _sputc
    printf3.o(i._printf_core) refers to uidiv.o(.text) for __aeabi_uidivmod
    printf4.o(i.__0fprintf$4) refers to printf4.o(i._printf_core) for _printf_core
    printf4.o(i.__0fprintf$4) refers to setup.o(.text) for fputc
    printf4.o(i.__0printf$4) refers to printf4.o(i._printf_core) for _printf_core
    printf4.o(i.__0printf$4) refers to setup.o(.text) for fputc
    printf4.o(i.__0printf$4) refers to stdout.o(.data) for __stdout
    printf4.o(i.__0snprintf$4) refers to printf4.o(i._printf_core) for _printf_core
    printf4.o(i.__0snprintf$4) refers to printf4.o(i._snputc) for _snputc
    printf4.o(i.__0sprintf$4) refers to printf4.o(i._printf_core) for _printf_core
    printf4.o(i.__0sprintf$4) refers to printf4.o(i._sputc) for _sputc
    printf4.o(i.__0vfprintf$4) refers to printf4.o(i._printf_core) for _printf_core
    printf4.o(i.__0vfprintf$4) refers to setup.o(.text) for fputc
    printf4.o(i.__0vprintf$4) refers to printf4.o(i._printf_core) for _printf_core
    printf4.o(i.__0vprintf$4) refers to setup.o(.text) for fputc
    printf4.o(i.__0vprintf$4) refers to stdout.o(.data) for __stdout
    printf4.o(i.__0vsnprintf$4) refers to printf4.o(i._printf_core) for _printf_core
    printf4.o(i.__0vsnprintf$4) refers to printf4.o(i._snputc) for _snputc
    printf4.o(i.__0vsprintf$4) refers to printf4.o(i._printf_core) for _printf_core
    printf4.o(i.__0vsprintf$4) refers to printf4.o(i._sputc) for _sputc
    printf4.o(i._printf_core) refers to uldiv.o(.text) for __aeabi_uldivmod
    printf5.o(i.__0fprintf$5) refers to printf5.o(i._printf_core) for _printf_core
    printf5.o(i.__0fprintf$5) refers to setup.o(.text) for fputc
    printf5.o(i.__0printf$5) refers to printf5.o(i._printf_core) for _printf_core
    printf5.o(i.__0printf$5) refers to setup.o(.text) for fputc
    printf5.o(i.__0printf$5) refers to stdout.o(.data) for __stdout
    printf5.o(i.__0snprintf$5) refers to printf5.o(i._printf_core) for _printf_core
    printf5.o(i.__0snprintf$5) refers to printf5.o(i._snputc) for _snputc
    printf5.o(i.__0sprintf$5) refers to printf5.o(i._printf_core) for _printf_core
    printf5.o(i.__0sprintf$5) refers to printf5.o(i._sputc) for _sputc
    printf5.o(i.__0vfprintf$5) refers to printf5.o(i._printf_core) for _printf_core
    printf5.o(i.__0vfprintf$5) refers to setup.o(.text) for fputc
    printf5.o(i.__0vprintf$5) refers to printf5.o(i._printf_core) for _printf_core
    printf5.o(i.__0vprintf$5) refers to setup.o(.text) for fputc
    printf5.o(i.__0vprintf$5) refers to stdout.o(.data) for __stdout
    printf5.o(i.__0vsnprintf$5) refers to printf5.o(i._printf_core) for _printf_core
    printf5.o(i.__0vsnprintf$5) refers to printf5.o(i._snputc) for _snputc
    printf5.o(i.__0vsprintf$5) refers to printf5.o(i._printf_core) for _printf_core
    printf5.o(i.__0vsprintf$5) refers to printf5.o(i._sputc) for _sputc
    printf5.o(i._printf_core) refers to uldiv.o(.text) for __aeabi_uldivmod
    printf6.o(i.__0fprintf$6) refers to printf6.o(i._printf_core) for _printf_core
    printf6.o(i.__0fprintf$6) refers to setup.o(.text) for fputc
    printf6.o(i.__0printf$6) refers to printf6.o(i._printf_core) for _printf_core
    printf6.o(i.__0printf$6) refers to setup.o(.text) for fputc
    printf6.o(i.__0printf$6) refers to stdout.o(.data) for __stdout
    printf6.o(i.__0snprintf$6) refers to printf6.o(i._printf_core) for _printf_core
    printf6.o(i.__0snprintf$6) refers to printf6.o(i._snputc) for _snputc
    printf6.o(i.__0sprintf$6) refers to printf6.o(i._printf_core) for _printf_core
    printf6.o(i.__0sprintf$6) refers to printf6.o(i._sputc) for _sputc
    printf6.o(i.__0vfprintf$6) refers to printf6.o(i._printf_core) for _printf_core
    printf6.o(i.__0vfprintf$6) refers to setup.o(.text) for fputc
    printf6.o(i.__0vprintf$6) refers to printf6.o(i._printf_core) for _printf_core
    printf6.o(i.__0vprintf$6) refers to setup.o(.text) for fputc
    printf6.o(i.__0vprintf$6) refers to stdout.o(.data) for __stdout
    printf6.o(i.__0vsnprintf$6) refers to printf6.o(i._printf_core) for _printf_core
    printf6.o(i.__0vsnprintf$6) refers to printf6.o(i._snputc) for _snputc
    printf6.o(i.__0vsprintf$6) refers to printf6.o(i._printf_core) for _printf_core
    printf6.o(i.__0vsprintf$6) refers to printf6.o(i._sputc) for _sputc
    printf6.o(i._printf_core) refers to printf6.o(i._printf_pre_padding) for _printf_pre_padding
    printf6.o(i._printf_core) refers to uidiv.o(.text) for __aeabi_uidivmod
    printf6.o(i._printf_core) refers to printf6.o(i._printf_post_padding) for _printf_post_padding
    printf7.o(i.__0fprintf$7) refers to printf7.o(i._printf_core) for _printf_core
    printf7.o(i.__0fprintf$7) refers to setup.o(.text) for fputc
    printf7.o(i.__0printf$7) refers to printf7.o(i._printf_core) for _printf_core
    printf7.o(i.__0printf$7) refers to setup.o(.text) for fputc
    printf7.o(i.__0printf$7) refers to stdout.o(.data) for __stdout
    printf7.o(i.__0snprintf$7) refers to printf7.o(i._printf_core) for _printf_core
    printf7.o(i.__0snprintf$7) refers to printf7.o(i._snputc) for _snputc
    printf7.o(i.__0sprintf$7) refers to printf7.o(i._printf_core) for _printf_core
    printf7.o(i.__0sprintf$7) refers to printf7.o(i._sputc) for _sputc
    printf7.o(i.__0vfprintf$7) refers to printf7.o(i._printf_core) for _printf_core
    printf7.o(i.__0vfprintf$7) refers to setup.o(.text) for fputc
    printf7.o(i.__0vprintf$7) refers to printf7.o(i._printf_core) for _printf_core
    printf7.o(i.__0vprintf$7) refers to setup.o(.text) for fputc
    printf7.o(i.__0vprintf$7) refers to stdout.o(.data) for __stdout
    printf7.o(i.__0vsnprintf$7) refers to printf7.o(i._printf_core) for _printf_core
    printf7.o(i.__0vsnprintf$7) refers to printf7.o(i._snputc) for _snputc
    printf7.o(i.__0vsprintf$7) refers to printf7.o(i._printf_core) for _printf_core
    printf7.o(i.__0vsprintf$7) refers to printf7.o(i._sputc) for _sputc
    printf7.o(i._printf_core) refers to printf7.o(i._printf_pre_padding) for _printf_pre_padding
    printf7.o(i._printf_core) refers to uldiv.o(.text) for __aeabi_uldivmod
    printf7.o(i._printf_core) refers to printf7.o(i._printf_post_padding) for _printf_post_padding
    printf8.o(i.__0fprintf$8) refers to printf8.o(i._printf_core) for _printf_core
    printf8.o(i.__0fprintf$8) refers to setup.o(.text) for fputc
    printf8.o(i.__0printf$8) refers to printf8.o(i._printf_core) for _printf_core
    printf8.o(i.__0printf$8) refers to setup.o(.text) for fputc
    printf8.o(i.__0printf$8) refers to stdout.o(.data) for __stdout
    printf8.o(i.__0snprintf$8) refers to printf8.o(i._printf_core) for _printf_core
    printf8.o(i.__0snprintf$8) refers to printf8.o(i._snputc) for _snputc
    printf8.o(i.__0sprintf$8) refers to printf8.o(i._printf_core) for _printf_core
    printf8.o(i.__0sprintf$8) refers to printf8.o(i._sputc) for _sputc
    printf8.o(i.__0vfprintf$8) refers to printf8.o(i._printf_core) for _printf_core
    printf8.o(i.__0vfprintf$8) refers to setup.o(.text) for fputc
    printf8.o(i.__0vprintf$8) refers to printf8.o(i._printf_core) for _printf_core
    printf8.o(i.__0vprintf$8) refers to setup.o(.text) for fputc
    printf8.o(i.__0vprintf$8) refers to stdout.o(.data) for __stdout
    printf8.o(i.__0vsnprintf$8) refers to printf8.o(i._printf_core) for _printf_core
    printf8.o(i.__0vsnprintf$8) refers to printf8.o(i._snputc) for _snputc
    printf8.o(i.__0vsprintf$8) refers to printf8.o(i._printf_core) for _printf_core
    printf8.o(i.__0vsprintf$8) refers to printf8.o(i._sputc) for _sputc
    printf8.o(i._printf_core) refers to printf8.o(i._printf_pre_padding) for _printf_pre_padding
    printf8.o(i._printf_core) refers to uldiv.o(.text) for __aeabi_uldivmod
    printf8.o(i._printf_core) refers to printf8.o(i._printf_post_padding) for _printf_post_padding
    printfa.o(i.__0fprintf) refers (Special) to iusefp.o(.text) for __I$use$fp
    printfa.o(i.__0fprintf) refers to printfa.o(i._printf_core) for _printf_core
    printfa.o(i.__0fprintf) refers to setup.o(.text) for fputc
    printfa.o(i.__0printf) refers (Special) to iusefp.o(.text) for __I$use$fp
    printfa.o(i.__0printf) refers to printfa.o(i._printf_core) for _printf_core
    printfa.o(i.__0printf) refers to setup.o(.text) for fputc
    printfa.o(i.__0printf) refers to stdout.o(.data) for __stdout
    printfa.o(i.__0snprintf) refers (Special) to iusefp.o(.text) for __I$use$fp
    printfa.o(i.__0snprintf) refers to printfa.o(i._printf_core) for _printf_core
    printfa.o(i.__0snprintf) refers to printfa.o(i._snputc) for _snputc
    printfa.o(i.__0sprintf) refers (Special) to iusefp.o(.text) for __I$use$fp
    printfa.o(i.__0sprintf) refers to printfa.o(i._printf_core) for _printf_core
    printfa.o(i.__0sprintf) refers to printfa.o(i._sputc) for _sputc
    printfa.o(i.__0vfprintf) refers (Special) to iusefp.o(.text) for __I$use$fp
    printfa.o(i.__0vfprintf) refers to printfa.o(i._printf_core) for _printf_core
    printfa.o(i.__0vfprintf) refers to setup.o(.text) for fputc
    printfa.o(i.__0vprintf) refers (Special) to iusefp.o(.text) for __I$use$fp
    printfa.o(i.__0vprintf) refers to printfa.o(i._printf_core) for _printf_core
    printfa.o(i.__0vprintf) refers to setup.o(.text) for fputc
    printfa.o(i.__0vprintf) refers to stdout.o(.data) for __stdout
    printfa.o(i.__0vsnprintf) refers (Special) to iusefp.o(.text) for __I$use$fp
    printfa.o(i.__0vsnprintf) refers to printfa.o(i._printf_core) for _printf_core
    printfa.o(i.__0vsnprintf) refers to printfa.o(i._snputc) for _snputc
    printfa.o(i.__0vsprintf) refers (Special) to iusefp.o(.text) for __I$use$fp
    printfa.o(i.__0vsprintf) refers to printfa.o(i._printf_core) for _printf_core
    printfa.o(i.__0vsprintf) refers to printfa.o(i._sputc) for _sputc
    printfa.o(i._fp_digits) refers (Special) to iusefp.o(.text) for __I$use$fp
    printfa.o(i._fp_digits) refers to dmul.o(.text) for __aeabi_dmul
    printfa.o(i._fp_digits) refers to ddiv.o(.text) for __aeabi_ddiv
    printfa.o(i._fp_digits) refers to cdrcmple.o(.text) for __aeabi_cdrcmple
    printfa.o(i._fp_digits) refers to dadd.o(.text) for __aeabi_dadd
    printfa.o(i._fp_digits) refers to dfixul.o(.text) for __aeabi_d2ulz
    printfa.o(i._fp_digits) refers to uldiv.o(.text) for __aeabi_uldivmod
    printfa.o(i._printf_core) refers (Special) to iusefp.o(.text) for __I$use$fp
    printfa.o(i._printf_core) refers to printfa.o(i._printf_pre_padding) for _printf_pre_padding
    printfa.o(i._printf_core) refers to uldiv.o(.text) for __aeabi_uldivmod
    printfa.o(i._printf_core) refers to printfa.o(i._printf_post_padding) for _printf_post_padding
    printfa.o(i._printf_core) refers to printfa.o(i._fp_digits) for _fp_digits
    printfa.o(i._printf_core) refers to uidiv.o(.text) for __aeabi_uidivmod
    printfa.o(i._printf_post_padding) refers (Special) to iusefp.o(.text) for __I$use$fp
    printfa.o(i._printf_pre_padding) refers (Special) to iusefp.o(.text) for __I$use$fp
    printfa.o(i._snputc) refers (Special) to iusefp.o(.text) for __I$use$fp
    printfa.o(i._sputc) refers (Special) to iusefp.o(.text) for __I$use$fp
    entry2.o(.ARM.Collect$$$$00000001) refers to entry2.o(.ARM.Collect$$$$00002712) for __lit__00000000
    entry2.o(.ARM.Collect$$$$00002712) refers to stm32f10x.o(STACK) for __initial_sp
    entry2.o(__vectab_stack_and_reset_area) refers to stm32f10x.o(STACK) for __initial_sp
    entry2.o(__vectab_stack_and_reset_area) refers to entry.o(.ARM.Collect$$$$00000000) for __main
    entry5.o(.ARM.Collect$$$$00000004) refers to init.o(.text) for __scatterload
    entry7.o(.ARM.Collect$$$$00000007) refers to main.o(.text) for main
    uldiv.o(.text) refers to llushr.o(.text) for __aeabi_llsr
    uldiv.o(.text) refers to llshl.o(.text) for __aeabi_llsl
    dadd.o(.text) refers to llshl.o(.text) for __aeabi_llsl
    dadd.o(.text) refers to llsshr.o(.text) for __aeabi_lasr
    dadd.o(.text) refers to depilogue.o(.text) for _double_epilogue
    dmul.o(.text) refers to depilogue.o(.text) for _double_epilogue
    ddiv.o(.text) refers to depilogue.o(.text) for _double_round
    dfixul.o(.text) refers to llushr.o(.text) for __aeabi_llsr
    dfixul.o(.text) refers to llshl.o(.text) for __aeabi_llsl
    init.o(.text) refers to entry5.o(.ARM.Collect$$$$00000004) for __main_after_scatterload
    depilogue.o(.text) refers to llshl.o(.text) for __aeabi_llsl
    depilogue.o(.text) refers to llushr.o(.text) for __aeabi_llsr


==============================================================================

Removing Unused input sections from the image.

    Removing stm32f10x.o(HEAP), (0 bytes).
    Removing stm32f10x_spi.o(.text), (548 bytes).
    Removing dadd.o(.text), (330 bytes).
    Removing dmul.o(.text), (226 bytes).
    Removing ddiv.o(.text), (222 bytes).
    Removing dfixul.o(.text), (48 bytes).
    Removing cdrcmple.o(.text), (40 bytes).
    Removing depilogue.o(.text), (194 bytes).

8 unused section(s) (total 1608 bytes) removed from the image.

==============================================================================

Image Symbol Table

    Local Symbols

    Symbol Name                              Value     Ov Type        Size  Object(Section)

    ../../microlib/division.c                0x00000000   Number         0  uidiv.o ABSOLUTE
    ../../microlib/division.c                0x00000000   Number         0  uldiv.o ABSOLUTE
    ../../microlib/fpadd.c                   0x00000000   Number         0  dadd.o ABSOLUTE
    ../../microlib/fpdiv.c                   0x00000000   Number         0  ddiv.o ABSOLUTE
    ../../microlib/fpepilogue.c              0x00000000   Number         0  depilogue.o ABSOLUTE
    ../../microlib/fpfix.c                   0x00000000   Number         0  dfixul.o ABSOLUTE
    ../../microlib/fpmul.c                   0x00000000   Number         0  dmul.o ABSOLUTE
    ../../microlib/init/entry.s              0x00000000   Number         0  entry.o ABSOLUTE
    ../../microlib/init/entry.s              0x00000000   Number         0  entry2.o ABSOLUTE
    ../../microlib/init/entry.s              0x00000000   Number         0  entry5.o ABSOLUTE
    ../../microlib/init/entry.s              0x00000000   Number         0  entry7.o ABSOLUTE
    ../../microlib/longlong.c                0x00000000   Number         0  llshl.o ABSOLUTE
    ../../microlib/longlong.c                0x00000000   Number         0  llushr.o ABSOLUTE
    ../../microlib/longlong.c                0x00000000   Number         0  llsshr.o ABSOLUTE
    ../../microlib/printf/printf.c           0x00000000   Number         0  printf7.o ABSOLUTE
    ../../microlib/printf/printf.c           0x00000000   Number         0  printfb.o ABSOLUTE
    ../../microlib/printf/printf.c           0x00000000   Number         0  printf4.o ABSOLUTE
    ../../microlib/printf/printf.c           0x00000000   Number         0  printf6.o ABSOLUTE
    ../../microlib/printf/printf.c           0x00000000   Number         0  printfa.o ABSOLUTE
    ../../microlib/printf/printf.c           0x00000000   Number         0  printf8.o ABSOLUTE
    ../../microlib/printf/printf.c           0x00000000   Number         0  printf0.o ABSOLUTE
    ../../microlib/printf/printf.c           0x00000000   Number         0  printf5.o ABSOLUTE
    ../../microlib/printf/printf.c           0x00000000   Number         0  printf3.o ABSOLUTE
    ../../microlib/printf/printf.c           0x00000000   Number         0  printf2.o ABSOLUTE
    ../../microlib/printf/printf.c           0x00000000   Number         0  printf1.o ABSOLUTE
    ../../microlib/printf/stubs.s            0x00000000   Number         0  stubs.o ABSOLUTE
    ../../microlib/stdio/streams.c           0x00000000   Number         0  stdout.o ABSOLUTE
    ../../microlib/string/memcpy.c           0x00000000   Number         0  memcpyb.o ABSOLUTE
    ../../microlib/string/memcpy.c           0x00000000   Number         0  memcpya.o ABSOLUTE
    ../../microlib/string/memset.c           0x00000000   Number         0  memseta.o ABSOLUTE
    ../../microlib/string/strncpy.c          0x00000000   Number         0  strncpy.o ABSOLUTE
    ../../microlib/stubs.s                   0x00000000   Number         0  iusefp.o ABSOLUTE
    FreeRTOS\\src\\port.c                    0x00000000   Number         0  port.o ABSOLUTE
    FreeRTOS\src\heap_2.c                    0x00000000   Number         0  heap_2.o ABSOLUTE
    FreeRTOS\src\list.c                      0x00000000   Number         0  list.o ABSOLUTE
    FreeRTOS\src\port.c                      0x00000000   Number         0  port.o ABSOLUTE
    FreeRTOS\src\queue.c                     0x00000000   Number         0  queue.o ABSOLUTE
    FreeRTOS\src\serial.c                    0x00000000   Number         0  serial.o ABSOLUTE
    FreeRTOS\src\tasks.c                     0x00000000   Number         0  tasks.o ABSOLUTE
    STM32F10x.s                              0x00000000   Number         0  stm32f10x.o ABSOLUTE
    STM32F10xFWLib\src\cortexm3_macro_rvds.s 0x00000000   Number         0  cortexm3_macro_rvds.o ABSOLUTE
    STM32F10xFWLib\src\stm32f10x_gpio.c      0x00000000   Number         0  stm32f10x_gpio.o ABSOLUTE
    STM32F10xFWLib\src\stm32f10x_lib.c       0x00000000   Number         0  stm32f10x_lib.o ABSOLUTE
    STM32F10xFWLib\src\stm32f10x_nvic.c      0x00000000   Number         0  stm32f10x_nvic.o ABSOLUTE
    STM32F10xFWLib\src\stm32f10x_rcc.c       0x00000000   Number         0  stm32f10x_rcc.o ABSOLUTE
    STM32F10xFWLib\src\stm32f10x_spi.c       0x00000000   Number         0  stm32f10x_spi.o ABSOLUTE
    STM32F10xFWLib\src\stm32f10x_systick.c   0x00000000   Number         0  stm32f10x_systick.o ABSOLUTE
    STM32F10xFWLib\src\stm32f10x_tim.c       0x00000000   Number         0  stm32f10x_tim.o ABSOLUTE
    STM32F10xFWLib\src\stm32f10x_usart.c     0x00000000   Number         0  stm32f10x_usart.o ABSOLUTE
    cdrcmple.s                               0x00000000   Number         0  cdrcmple.o ABSOLUTE
    dc.s                                     0x00000000   Number         0  dc.o ABSOLUTE
    handlers.s                               0x00000000   Number         0  handlers.o ABSOLUTE
    init.s                                   0x00000000   Number         0  init.o ABSOLUTE
    main.c                                   0x00000000   Number         0  main.o ABSOLUTE
    motor.c                                  0x00000000   Number         0  motor.o ABSOLUTE
    pin_listener.c                           0x00000000   Number         0  pin_listener.o ABSOLUTE
    planner.c                                0x00000000   Number         0  planner.o ABSOLUTE
    position_tracker.c                       0x00000000   Number         0  position_tracker.o ABSOLUTE
    safety.c                                 0x00000000   Number         0  safety.o ABSOLUTE
    setup.c                                  0x00000000   Number         0  setup.o ABSOLUTE
    RESET                                    0x08000000   Section      236  stm32f10x.o(RESET)
    .ARM.Collect$$$$00000000                 0x080000ec   Section        0  entry.o(.ARM.Collect$$$$00000000)
    .ARM.Collect$$$$00000001                 0x080000ec   Section        4  entry2.o(.ARM.Collect$$$$00000001)
    .ARM.Collect$$$$00000004                 0x080000f0   Section        4  entry5.o(.ARM.Collect$$$$00000004)
    .ARM.Collect$$$$00000007                 0x080000f4   Section        8  entry7.o(.ARM.Collect$$$$00000007)
    .ARM.Collect$$$$00002712                 0x080000fc   Section        4  entry2.o(.ARM.Collect$$$$00002712)
    __lit__00000000                          0x080000fc   Data           4  entry2.o(.ARM.Collect$$$$00002712)
    .emb_text                                0x08000100   Section      136  port.o(.emb_text)
    .text                                    0x08000188   Section       28  stm32f10x.o(.text)
    .text                                    0x080001a4   Section        0  stm32f10x_gpio.o(.text)
    .text                                    0x08000480   Section        0  stm32f10x_nvic.o(.text)
    .text                                    0x080008e4   Section        0  stm32f10x_rcc.o(.text)
    .text                                    0x08000c64   Section        0  stm32f10x_systick.o(.text)
    .text                                    0x08000d28   Section        0  stm32f10x_tim.o(.text)
    TI1_Config                               0x08000e83   Thumb Code    56  stm32f10x_tim.o(.text)
    TI2_Config                               0x08000ed1   Thumb Code    68  stm32f10x_tim.o(.text)
    PWMI_Config                              0x08000f15   Thumb Code   124  stm32f10x_tim.o(.text)
    TI4_Config                               0x08000fa7   Thumb Code    70  stm32f10x_tim.o(.text)
    TI3_Config                               0x08000fff   Thumb Code    62  stm32f10x_tim.o(.text)
    ETR_Config                               0x080011c9   Thumb Code    26  stm32f10x_tim.o(.text)
    .text                                    0x08001550   Section        0  stm32f10x_usart.o(.text)
    .text                                    0x0800187c   Section      110  cortexm3_macro_rvds.o(.text)
    .text                                    0x080018ec   Section        0  main.o(.text)
    .text                                    0x08001a60   Section        0  setup.o(.text)
    .text                                    0x08001b18   Section        0  pin_listener.o(.text)
    pollPin                                  0x08001b19   Thumb Code   152  pin_listener.o(.text)
    pollPinsTask                             0x08001bb1   Thumb Code    60  pin_listener.o(.text)
    .text                                    0x08001c4c   Section        0  position_tracker.o(.text)
    positionTrackerTask                      0x08001c4d   Thumb Code   104  position_tracker.o(.text)
    .text                                    0x08001da4   Section        0  motor.o(.text)
    maxDutyAtDistance                        0x08001da5   Thumb Code    22  motor.o(.text)
    min                                      0x08001dbb   Thumb Code    14  motor.o(.text)
    setCompare                               0x08001dc9   Thumb Code    78  motor.o(.text)
    setDuty                                  0x08001e17   Thumb Code    56  motor.o(.text)
    motorTask                                0x08001e4f   Thumb Code   222  motor.o(.text)
    .text                                    0x08002020   Section        0  planner.o(.text)
    plannerTask                              0x08002021   Thumb Code   478  planner.o(.text)
    .text                                    0x080022dc   Section        0  safety.o(.text)
    safetyTask                               0x080022dd   Thumb Code   840  safety.o(.text)
    .text                                    0x08002700   Section        0  heap_2.o(.text)
    .text                                    0x08002818   Section        0  list.o(.text)
    .text                                    0x080028ac   Section        0  port.o(.text)
    prvSetupTimerInterrupt                   0x080028c7   Thumb Code    14  port.o(.text)
    .text                                    0x08002968   Section        0  queue.o(.text)
    prvUnlockQueue                           0x080029d5   Thumb Code   110  queue.o(.text)
    prvIsQueueFull                           0x08002a43   Thumb Code    32  queue.o(.text)
    prvCopyDataToQueue                       0x08002a63   Thumb Code   104  queue.o(.text)
    prvIsQueueEmpty                          0x08002c31   Thumb Code    28  queue.o(.text)
    prvCopyDataFromQueue                     0x08002c4d   Thumb Code    42  queue.o(.text)
    .text                                    0x08002e24   Section        0  tasks.o(.text)
    prvInitialiseTaskLists                   0x08002e25   Thumb Code    70  tasks.o(.text)
    prvInitialiseTCBVariables                0x08002e6b   Thumb Code    70  tasks.o(.text)
    prvAllocateTCBAndStack                   0x08002eb1   Thumb Code    58  tasks.o(.text)
    prvDeleteTCB                             0x0800354f   Thumb Code    18  tasks.o(.text)
    prvCheckTasksWaitingTermination          0x08003561   Thumb Code    94  tasks.o(.text)
    prvIdleTask                              0x080035bf   Thumb Code    20  tasks.o(.text)
    .text                                    0x08003898   Section        0  serial.o(.text)
    .text                                    0x08003a6c   Section        0  memcpya.o(.text)
    .text                                    0x08003a90   Section        0  memseta.o(.text)
    .text                                    0x08003ab6   Section        0  strncpy.o(.text)
    .text                                    0x08003ace   Section        0  uidiv.o(.text)
    .text                                    0x08003afc   Section       36  init.o(.text)
    i.__0printf$3                            0x08003b20   Section        0  printf3.o(i.__0printf$3)
    i.__scatterload_copy                     0x08003b40   Section       14  handlers.o(i.__scatterload_copy)
    i.__scatterload_null                     0x08003b4e   Section        2  handlers.o(i.__scatterload_null)
    i.__scatterload_zeroinit                 0x08003b50   Section       14  handlers.o(i.__scatterload_zeroinit)
    i._printf_core                           0x08003b60   Section        0  printf3.o(i._printf_core)
    _printf_core                             0x08003b61   Thumb Code   432  printf3.o(i._printf_core)
    .constdata                               0x08003d14   Section       20  stm32f10x_rcc.o(.constdata)
    APBAHBPrescTable                         0x08003d14   Data          16  stm32f10x_rcc.o(.constdata)
    ADCPrescTable                            0x08003d24   Data           4  stm32f10x_rcc.o(.constdata)
    .constdata                               0x08003d28   Section       16  stm32f10x_tim.o(.constdata)
    Tab_OCModeMask                           0x08003d28   Data           8  stm32f10x_tim.o(.constdata)
    Tab_PolarityMask                         0x08003d30   Data           8  stm32f10x_tim.o(.constdata)
    .constdata                               0x08003d38   Section       12  planner.o(.constdata)
    .data                                    0x20000000   Section       96  main.o(.data)
    .data                                    0x20000060   Section        4  setup.o(.data)
    xPort                                    0x20000060   Data           4  setup.o(.data)
    .data                                    0x20000064   Section       24  heap_2.o(.data)
    xFreeBytesRemaining                      0x20000064   Data           4  heap_2.o(.data)
    xHeapHasBeenInitialised                  0x20000068   Data           4  heap_2.o(.data)
    xStart                                   0x2000006c   Data           8  heap_2.o(.data)
    xEnd                                     0x20000074   Data           8  heap_2.o(.data)
    .data                                    0x2000007c   Section        4  port.o(.data)
    uxCriticalNesting                        0x2000007c   Data           4  port.o(.data)
    .data                                    0x20000080   Section       56  tasks.o(.data)
    uxTasksDeleted                           0x20000084   Data           4  tasks.o(.data)
    uxCurrentNumberOfTasks                   0x20000088   Data           4  tasks.o(.data)
    xTickCount                               0x2000008c   Data           4  tasks.o(.data)
    uxTopUsedPriority                        0x20000090   Data           4  tasks.o(.data)
    uxTopReadyPriority                       0x20000094   Data           4  tasks.o(.data)
    xSchedulerRunning                        0x20000098   Data           4  tasks.o(.data)
    uxSchedulerSuspended                     0x2000009c   Data           4  tasks.o(.data)
    uxMissedTicks                            0x200000a0   Data           4  tasks.o(.data)
    xMissedYield                             0x200000a4   Data           4  tasks.o(.data)
    xNumOfOverflows                          0x200000a8   Data           4  tasks.o(.data)
    uxTaskNumber                             0x200000ac   Data           4  tasks.o(.data)
    pxDelayedTaskList                        0x200000b0   Data           4  tasks.o(.data)
    pxOverflowDelayedTaskList                0x200000b4   Data           4  tasks.o(.data)
    .data                                    0x200000b8   Section        8  serial.o(.data)
    xRxedChars                               0x200000b8   Data           4  serial.o(.data)
    xCharsForTx                              0x200000bc   Data           4  serial.o(.data)
    .data                                    0x200000c0   Section        4  stdout.o(.data)
    .bss                                     0x200000c4   Section       52  main.o(.bss)
    .bss                                     0x200000f8   Section    17408  heap_2.o(.bss)
    xHeap                                    0x200000f8   Data       17408  heap_2.o(.bss)
    .bss                                     0x200044f8   Section      200  tasks.o(.bss)
    pxReadyTasksLists                        0x200044f8   Data         100  tasks.o(.bss)
    xDelayedTaskList1                        0x2000455c   Data          20  tasks.o(.bss)
    xDelayedTaskList2                        0x20004570   Data          20  tasks.o(.bss)
    xPendingReadyList                        0x20004584   Data          20  tasks.o(.bss)
    xTasksWaitingTermination                 0x20004598   Data          20  tasks.o(.bss)
    xSuspendedTaskList                       0x200045ac   Data          20  tasks.o(.bss)
    STACK                                    0x200045c0   Section      512  stm32f10x.o(STACK)

    Global Symbols

    Symbol Name                              Value     Ov Type        Size  Object(Section)

    BuildAttributes$$THM_ISAv4$P$D$K$B$S$PE$A:L22UL41UL21$X:L11$S22US41US21$IEEE1$IW$USESV6$~STKCKD$USESV7$~SHL$OSPACE$ROPI$EBA8$MICROLIB$REQ8$PRES8$EABIv2 0x00000000   Number         0  anon$$obj.o ABSOLUTE
    __ARM_use_no_argv                        0x00000000   Number         0  main.o ABSOLUTE
    _printf_a                                0x00000000   Number         0  stubs.o ABSOLUTE
    _printf_c                                0x00000000   Number         0  stubs.o ABSOLUTE
    _printf_charcount                        0x00000000   Number         0  stubs.o ABSOLUTE
    _printf_d                                0x00000000   Number         0  stubs.o ABSOLUTE
    _printf_e                                0x00000000   Number         0  stubs.o ABSOLUTE
    _printf_f                                0x00000000   Number         0  stubs.o ABSOLUTE
    _printf_flags                            0x00000000   Number         0  stubs.o ABSOLUTE
    _printf_fp_dec                           0x00000000   Number         0  stubs.o ABSOLUTE
    _printf_fp_hex                           0x00000000   Number         0  stubs.o ABSOLUTE
    _printf_g                                0x00000000   Number         0  stubs.o ABSOLUTE
    _printf_i                                0x00000000   Number         0  stubs.o ABSOLUTE
    _printf_int_dec                          0x00000000   Number         0  stubs.o ABSOLUTE
    _printf_l                                0x00000000   Number         0  stubs.o ABSOLUTE
    _printf_lc                               0x00000000   Number         0  stubs.o ABSOLUTE
    _printf_ll                               0x00000000   Number         0  stubs.o ABSOLUTE
    _printf_lld                              0x00000000   Number         0  stubs.o ABSOLUTE
    _printf_lli                              0x00000000   Number         0  stubs.o ABSOLUTE
    _printf_llo                              0x00000000   Number         0  stubs.o ABSOLUTE
    _printf_llu                              0x00000000   Number         0  stubs.o ABSOLUTE
    _printf_llx                              0x00000000   Number         0  stubs.o ABSOLUTE
    _printf_longlong_dec                     0x00000000   Number         0  stubs.o ABSOLUTE
    _printf_longlong_hex                     0x00000000   Number         0  stubs.o ABSOLUTE
    _printf_longlong_oct                     0x00000000   Number         0  stubs.o ABSOLUTE
    _printf_ls                               0x00000000   Number         0  stubs.o ABSOLUTE
    _printf_mbtowc                           0x00000000   Number         0  stubs.o ABSOLUTE
    _printf_n                                0x00000000   Number         0  stubs.o ABSOLUTE
    _printf_o                                0x00000000   Number         0  stubs.o ABSOLUTE
    _printf_p                                0x00000000   Number         0  stubs.o ABSOLUTE
    _printf_percent                          0x00000000   Number         0  stubs.o ABSOLUTE
    _printf_pre_padding                      0x00000000   Number         0  stubs.o ABSOLUTE
    _printf_return_value                     0x00000000   Number         0  stubs.o ABSOLUTE
    _printf_s                                0x00000000   Number         0  stubs.o ABSOLUTE
    _printf_sizespec                         0x00000000   Number         0  stubs.o ABSOLUTE
    _printf_str                              0x00000000   Number         0  stubs.o ABSOLUTE
    _printf_truncate_signed                  0x00000000   Number         0  stubs.o ABSOLUTE
    _printf_truncate_unsigned                0x00000000   Number         0  stubs.o ABSOLUTE
    _printf_u                                0x00000000   Number         0  stubs.o ABSOLUTE
    _printf_wc                               0x00000000   Number         0  stubs.o ABSOLUTE
    _printf_wctomb                           0x00000000   Number         0  stubs.o ABSOLUTE
    _printf_widthprec                        0x00000000   Number         0  stubs.o ABSOLUTE
    _printf_x                                0x00000000   Number         0  stubs.o ABSOLUTE
    __decompress                              - Undefined Weak Reference
    __Vectors                                0x08000000   Data           4  stm32f10x.o(RESET)
    __main                                   0x080000ed   Thumb Code     0  entry.o(.ARM.Collect$$$$00000000)
    _main_stk                                0x080000ed   Thumb Code     0  entry2.o(.ARM.Collect$$$$00000001)
    _main_scatterload                        0x080000f1   Thumb Code     0  entry5.o(.ARM.Collect$$$$00000004)
    __main_after_scatterload                 0x080000f5   Thumb Code     0  entry5.o(.ARM.Collect$$$$00000004)
    _main_init                               0x080000f5   Thumb Code     0  entry7.o(.ARM.Collect$$$$00000007)
    vPortSVCHandler                          0x08000101   Thumb Code    28  port.o(.emb_text)
    vPortStartFirstTask                      0x08000121   Thumb Code    12  port.o(.emb_text)
    xPortPendSVHandler                       0x08000131   Thumb Code    56  port.o(.emb_text)
    vPortSetInterruptMask                    0x0800016d   Thumb Code    14  port.o(.emb_text)
    vPortClearInterruptMask                  0x0800017b   Thumb Code    14  port.o(.emb_text)
    Reset_Handler                            0x08000189   Thumb Code     4  stm32f10x.o(.text)
    NMI_Handler                              0x0800018d   Thumb Code     2  stm32f10x.o(.text)
    HardFault_Handler                        0x0800018f   Thumb Code     2  stm32f10x.o(.text)
    MemManage_Handler                        0x08000191   Thumb Code     2  stm32f10x.o(.text)
    BusFault_Handler                         0x08000193   Thumb Code     2  stm32f10x.o(.text)
    UsageFault_Handler                       0x08000195   Thumb Code     2  stm32f10x.o(.text)
    SVC_Handler                              0x08000197   Thumb Code     2  stm32f10x.o(.text)
    DebugMon_Handler                         0x08000199   Thumb Code     2  stm32f10x.o(.text)
    PendSV_Handler                           0x0800019b   Thumb Code     2  stm32f10x.o(.text)
    SysTick_Handler                          0x0800019d   Thumb Code     2  stm32f10x.o(.text)
    ADC_IRQHandler                           0x0800019f   Thumb Code     0  stm32f10x.o(.text)
    CAN_RX1_IRQHandler                       0x0800019f   Thumb Code     0  stm32f10x.o(.text)
    CAN_SCE_IRQHandler                       0x0800019f   Thumb Code     0  stm32f10x.o(.text)
    DMAChannel1_IRQHandler                   0x0800019f   Thumb Code     0  stm32f10x.o(.text)
    DMAChannel2_IRQHandler                   0x0800019f   Thumb Code     0  stm32f10x.o(.text)
    DMAChannel3_IRQHandler                   0x0800019f   Thumb Code     0  stm32f10x.o(.text)
    DMAChannel4_IRQHandler                   0x0800019f   Thumb Code     0  stm32f10x.o(.text)
    DMAChannel5_IRQHandler                   0x0800019f   Thumb Code     0  stm32f10x.o(.text)
    DMAChannel6_IRQHandler                   0x0800019f   Thumb Code     0  stm32f10x.o(.text)
    DMAChannel7_IRQHandler                   0x0800019f   Thumb Code     0  stm32f10x.o(.text)
    EXTI0_IRQHandler                         0x0800019f   Thumb Code     0  stm32f10x.o(.text)
    EXTI15_10_IRQHandler                     0x0800019f   Thumb Code     0  stm32f10x.o(.text)
    EXTI1_IRQHandler                         0x0800019f   Thumb Code     0  stm32f10x.o(.text)
    EXTI2_IRQHandler                         0x0800019f   Thumb Code     0  stm32f10x.o(.text)
    EXTI3_IRQHandler                         0x0800019f   Thumb Code     0  stm32f10x.o(.text)
    EXTI4_IRQHandler                         0x0800019f   Thumb Code     0  stm32f10x.o(.text)
    EXTI9_5_IRQHandler                       0x0800019f   Thumb Code     0  stm32f10x.o(.text)
    FLASH_IRQHandler                         0x0800019f   Thumb Code     0  stm32f10x.o(.text)
    I2C1_ER_IRQHandler                       0x0800019f   Thumb Code     0  stm32f10x.o(.text)
    I2C1_EV_IRQHandler                       0x0800019f   Thumb Code     0  stm32f10x.o(.text)
    I2C2_ER_IRQHandler                       0x0800019f   Thumb Code     0  stm32f10x.o(.text)
    I2C2_EV_IRQHandler                       0x0800019f   Thumb Code     0  stm32f10x.o(.text)
    PVD_IRQHandler                           0x0800019f   Thumb Code     0  stm32f10x.o(.text)
    RCC_IRQHandler                           0x0800019f   Thumb Code     0  stm32f10x.o(.text)
    RTCAlarm_IRQHandler                      0x0800019f   Thumb Code     0  stm32f10x.o(.text)
    RTC_IRQHandler                           0x0800019f   Thumb Code     0  stm32f10x.o(.text)
    SPI1_IRQHandler                          0x0800019f   Thumb Code     0  stm32f10x.o(.text)
    SPI2_IRQHandler                          0x0800019f   Thumb Code     0  stm32f10x.o(.text)
    TAMPER_IRQHandler                        0x0800019f   Thumb Code     0  stm32f10x.o(.text)
    TIM1_BRK_IRQHandler                      0x0800019f   Thumb Code     0  stm32f10x.o(.text)
    TIM1_CC_IRQHandler                       0x0800019f   Thumb Code     0  stm32f10x.o(.text)
    TIM1_TRG_COM_IRQHandler                  0x0800019f   Thumb Code     0  stm32f10x.o(.text)
    TIM1_UP_IRQHandler                       0x0800019f   Thumb Code     0  stm32f10x.o(.text)
    TIM2_IRQHandler                          0x0800019f   Thumb Code     0  stm32f10x.o(.text)
    TIM3_IRQHandler                          0x0800019f   Thumb Code     0  stm32f10x.o(.text)
    TIM4_IRQHandler                          0x0800019f   Thumb Code     0  stm32f10x.o(.text)
    USART1_IRQHandler                        0x0800019f   Thumb Code     0  stm32f10x.o(.text)
    USART2_IRQHandler                        0x0800019f   Thumb Code     0  stm32f10x.o(.text)
    USART3_IRQHandler                        0x0800019f   Thumb Code     0  stm32f10x.o(.text)
    USBWakeUp_IRQHandler                     0x0800019f   Thumb Code     0  stm32f10x.o(.text)
    USB_HP_CAN_TX_IRQHandler                 0x0800019f   Thumb Code     0  stm32f10x.o(.text)
    USB_LP_CAN_RX0_IRQHandler                0x0800019f   Thumb Code     0  stm32f10x.o(.text)
    WWDG_IRQHandler                          0x0800019f   Thumb Code     0  stm32f10x.o(.text)
    GPIO_DeInit                              0x080001a5   Thumb Code   138  stm32f10x_gpio.o(.text)
    GPIO_AFIODeInit                          0x0800022f   Thumb Code    20  stm32f10x_gpio.o(.text)
    GPIO_Init                                0x08000243   Thumb Code   274  stm32f10x_gpio.o(.text)
    GPIO_StructInit                          0x08000355   Thumb Code    16  stm32f10x_gpio.o(.text)
    GPIO_ReadInputDataBit                    0x08000365   Thumb Code    18  stm32f10x_gpio.o(.text)
    GPIO_ReadInputData                       0x08000377   Thumb Code     8  stm32f10x_gpio.o(.text)
    GPIO_ReadOutputDataBit                   0x0800037f   Thumb Code    18  stm32f10x_gpio.o(.text)
    GPIO_ReadOutputData                      0x08000391   Thumb Code     8  stm32f10x_gpio.o(.text)
    GPIO_WriteBit                            0x08000399   Thumb Code    10  stm32f10x_gpio.o(.text)
    GPIO_Write                               0x080003a3   Thumb Code     4  stm32f10x_gpio.o(.text)
    GPIO_PinLockConfig                       0x080003a7   Thumb Code    18  stm32f10x_gpio.o(.text)
    GPIO_EventOutputConfig                   0x080003b9   Thumb Code    26  stm32f10x_gpio.o(.text)
    GPIO_EventOutputCmd                      0x080003d3   Thumb Code     6  stm32f10x_gpio.o(.text)
    GPIO_PinRemapConfig                      0x080003d9   Thumb Code    86  stm32f10x_gpio.o(.text)
    GPIO_EXTILineConfig                      0x0800042f   Thumb Code    66  stm32f10x_gpio.o(.text)
    NVIC_DeInit                              0x08000481   Thumb Code    58  stm32f10x_nvic.o(.text)
    NVIC_SCBDeInit                           0x080004bb   Thumb Code    92  stm32f10x_nvic.o(.text)
    NVIC_PriorityGroupConfig                 0x08000517   Thumb Code    10  stm32f10x_nvic.o(.text)
    NVIC_Init                                0x08000521   Thumb Code   190  stm32f10x_nvic.o(.text)
    NVIC_StructInit                          0x080005df   Thumb Code    12  stm32f10x_nvic.o(.text)
    NVIC_SETPRIMASK                          0x080005eb   Thumb Code     8  stm32f10x_nvic.o(.text)
    NVIC_RESETPRIMASK                        0x080005f3   Thumb Code     8  stm32f10x_nvic.o(.text)
    NVIC_SETFAULTMASK                        0x080005fb   Thumb Code     8  stm32f10x_nvic.o(.text)
    NVIC_RESETFAULTMASK                      0x08000603   Thumb Code     8  stm32f10x_nvic.o(.text)
    NVIC_BASEPRICONFIG                       0x0800060b   Thumb Code    12  stm32f10x_nvic.o(.text)
    NVIC_GetBASEPRI                          0x08000617   Thumb Code     8  stm32f10x_nvic.o(.text)
    NVIC_GetCurrentPendingIRQChannel         0x0800061f   Thumb Code    10  stm32f10x_nvic.o(.text)
    NVIC_GetIRQChannelPendingBitStatus       0x08000629   Thumb Code    42  stm32f10x_nvic.o(.text)
    NVIC_SetIRQChannelPendingBit             0x08000653   Thumb Code     6  stm32f10x_nvic.o(.text)
    NVIC_ClearIRQChannelPendingBit           0x08000659   Thumb Code    20  stm32f10x_nvic.o(.text)
    NVIC_GetCurrentActiveHandler             0x0800066d   Thumb Code    10  stm32f10x_nvic.o(.text)
    NVIC_GetIRQChannelActiveBitStatus        0x08000677   Thumb Code    42  stm32f10x_nvic.o(.text)
    NVIC_GetCPUID                            0x080006a1   Thumb Code     6  stm32f10x_nvic.o(.text)
    NVIC_SetVectorTable                      0x080006a7   Thumb Code    26  stm32f10x_nvic.o(.text)
    NVIC_GenerateSystemReset                 0x080006c1   Thumb Code    10  stm32f10x_nvic.o(.text)
    NVIC_GenerateCoreReset                   0x080006cb   Thumb Code    10  stm32f10x_nvic.o(.text)
    NVIC_SystemLPConfig                      0x080006d5   Thumb Code    38  stm32f10x_nvic.o(.text)
    NVIC_SystemHandlerConfig                 0x080006fb   Thumb Code    52  stm32f10x_nvic.o(.text)
    NVIC_SystemHandlerPriorityConfig         0x0800072f   Thumb Code   122  stm32f10x_nvic.o(.text)
    NVIC_GetSystemHandlerPendingBitStatus    0x080007a9   Thumb Code    42  stm32f10x_nvic.o(.text)
    NVIC_SetSystemHandlerPendingBit          0x080007d3   Thumb Code    32  stm32f10x_nvic.o(.text)
    NVIC_ClearSystemHandlerPendingBit        0x080007f3   Thumb Code    38  stm32f10x_nvic.o(.text)
    NVIC_GetSystemHandlerActiveBitStatus     0x08000819   Thumb Code    40  stm32f10x_nvic.o(.text)
    NVIC_GetFaultHandlerSources              0x08000841   Thumb Code   126  stm32f10x_nvic.o(.text)
    NVIC_GetFaultAddress                     0x080008bf   Thumb Code    24  stm32f10x_nvic.o(.text)
    RCC_DeInit                               0x080008e5   Thumb Code    78  stm32f10x_rcc.o(.text)
    RCC_HSEConfig                            0x08000933   Thumb Code    70  stm32f10x_rcc.o(.text)
    RCC_AdjustHSICalibrationValue            0x08000979   Thumb Code    20  stm32f10x_rcc.o(.text)
    RCC_HSICmd                               0x0800098d   Thumb Code     6  stm32f10x_rcc.o(.text)
    RCC_PLLConfig                            0x08000993   Thumb Code    24  stm32f10x_rcc.o(.text)
    RCC_PLLCmd                               0x080009ab   Thumb Code     6  stm32f10x_rcc.o(.text)
    RCC_SYSCLKConfig                         0x080009b1   Thumb Code    18  stm32f10x_rcc.o(.text)
    RCC_GetSYSCLKSource                      0x080009c3   Thumb Code    10  stm32f10x_rcc.o(.text)
    RCC_HCLKConfig                           0x080009cd   Thumb Code    18  stm32f10x_rcc.o(.text)
    RCC_PCLK1Config                          0x080009df   Thumb Code    18  stm32f10x_rcc.o(.text)
    RCC_PCLK2Config                          0x080009f1   Thumb Code    20  stm32f10x_rcc.o(.text)
    RCC_ITConfig                             0x08000a05   Thumb Code    26  stm32f10x_rcc.o(.text)
    RCC_USBCLKConfig                         0x08000a1f   Thumb Code     6  stm32f10x_rcc.o(.text)
    RCC_ADCCLKConfig                         0x08000a25   Thumb Code    18  stm32f10x_rcc.o(.text)
    RCC_LSEConfig                            0x08000a37   Thumb Code    44  stm32f10x_rcc.o(.text)
    RCC_LSICmd                               0x08000a63   Thumb Code     6  stm32f10x_rcc.o(.text)
    RCC_RTCCLKConfig                         0x08000a69   Thumb Code    12  stm32f10x_rcc.o(.text)
    RCC_RTCCLKCmd                            0x08000a75   Thumb Code     6  stm32f10x_rcc.o(.text)
    RCC_GetClocksFreq                        0x08000a7b   Thumb Code   192  stm32f10x_rcc.o(.text)
    RCC_AHBPeriphClockCmd                    0x08000b3b   Thumb Code    26  stm32f10x_rcc.o(.text)
    RCC_APB2PeriphClockCmd                   0x08000b55   Thumb Code    26  stm32f10x_rcc.o(.text)
    RCC_APB1PeriphClockCmd                   0x08000b6f   Thumb Code    26  stm32f10x_rcc.o(.text)
    RCC_APB2PeriphResetCmd                   0x08000b89   Thumb Code    26  stm32f10x_rcc.o(.text)
    RCC_APB1PeriphResetCmd                   0x08000ba3   Thumb Code    26  stm32f10x_rcc.o(.text)
    RCC_BackupResetCmd                       0x08000bbd   Thumb Code     6  stm32f10x_rcc.o(.text)
    RCC_ClockSecuritySystemCmd               0x08000bc3   Thumb Code     6  stm32f10x_rcc.o(.text)
    RCC_MCOConfig                            0x08000bc9   Thumb Code     6  stm32f10x_rcc.o(.text)
    RCC_GetFlagStatus                        0x08000bcf   Thumb Code    56  stm32f10x_rcc.o(.text)
    RCC_ClearFlag                            0x08000c07   Thumb Code    14  stm32f10x_rcc.o(.text)
    RCC_GetITStatus                          0x08000c15   Thumb Code    20  stm32f10x_rcc.o(.text)
    RCC_ClearITPendingBit                    0x08000c29   Thumb Code     6  stm32f10x_rcc.o(.text)
    SysTick_CLKSourceConfig                  0x08000c65   Thumb Code    40  stm32f10x_systick.o(.text)
    SysTick_SetReload                        0x08000c8d   Thumb Code     8  stm32f10x_systick.o(.text)
    SysTick_CounterCmd                       0x08000c95   Thumb Code    52  stm32f10x_systick.o(.text)
    SysTick_ITConfig                         0x08000cc9   Thumb Code    38  stm32f10x_systick.o(.text)
    SysTick_GetCounter                       0x08000cef   Thumb Code     8  stm32f10x_systick.o(.text)
    SysTick_GetFlagStatus                    0x08000cf7   Thumb Code    50  stm32f10x_systick.o(.text)
    TIM_DeInit                               0x08000d29   Thumb Code    84  stm32f10x_tim.o(.text)
    TIM_TimeBaseInit                         0x08000d7d   Thumb Code    30  stm32f10x_tim.o(.text)
    TIM_OCInit                               0x08000d9b   Thumb Code   214  stm32f10x_tim.o(.text)
    TIM_SetIC1Prescaler                      0x08000e71   Thumb Code    18  stm32f10x_tim.o(.text)
    TIM_SetIC2Prescaler                      0x08000ebb   Thumb Code    22  stm32f10x_tim.o(.text)
    TIM_SetIC4Prescaler                      0x08000f91   Thumb Code    22  stm32f10x_tim.o(.text)
    TIM_SetIC3Prescaler                      0x08000fed   Thumb Code    18  stm32f10x_tim.o(.text)
    TIM_ICInit                               0x0800103d   Thumb Code   126  stm32f10x_tim.o(.text)
    TIM_TimeBaseStructInit                   0x080010bb   Thumb Code    12  stm32f10x_tim.o(.text)
    TIM_OCStructInit                         0x080010c7   Thumb Code    12  stm32f10x_tim.o(.text)
    TIM_ICStructInit                         0x080010d3   Thumb Code    22  stm32f10x_tim.o(.text)
    TIM_Cmd                                  0x080010e9   Thumb Code    24  stm32f10x_tim.o(.text)
    TIM_ITConfig                             0x08001101   Thumb Code    36  stm32f10x_tim.o(.text)
    TIM_DMAConfig                            0x08001125   Thumb Code    24  stm32f10x_tim.o(.text)
    TIM_DMACmd                               0x0800113d   Thumb Code    24  stm32f10x_tim.o(.text)
    TIM_InternalClockConfig                  0x08001155   Thumb Code    12  stm32f10x_tim.o(.text)
    TIM_SelectInputTrigger                   0x08001161   Thumb Code    18  stm32f10x_tim.o(.text)
    TIM_ITRxExternalClockConfig              0x08001173   Thumb Code    24  stm32f10x_tim.o(.text)
    TIM_TIxExternalClockConfig               0x0800118b   Thumb Code    62  stm32f10x_tim.o(.text)
    TIM_ETRClockMode1Config                  0x080011e3   Thumb Code    64  stm32f10x_tim.o(.text)
    TIM_ETRClockMode2Config                  0x08001223   Thumb Code    36  stm32f10x_tim.o(.text)
    TIM_PrescalerConfig                      0x08001247   Thumb Code    26  stm32f10x_tim.o(.text)
    TIM_CounterModeConfig                    0x08001261   Thumb Code    18  stm32f10x_tim.o(.text)
    TIM_ForcedOC1Config                      0x08001273   Thumb Code    18  stm32f10x_tim.o(.text)
    TIM_ForcedOC2Config                      0x08001285   Thumb Code    22  stm32f10x_tim.o(.text)
    TIM_ForcedOC3Config                      0x0800129b   Thumb Code    18  stm32f10x_tim.o(.text)
    TIM_ForcedOC4Config                      0x080012ad   Thumb Code    22  stm32f10x_tim.o(.text)
    TIM_ARRPreloadConfig                     0x080012c3   Thumb Code    24  stm32f10x_tim.o(.text)
    TIM_SelectCCDMA                          0x080012db   Thumb Code    22  stm32f10x_tim.o(.text)
    TIM_OC1PreloadConfig                     0x080012f1   Thumb Code    18  stm32f10x_tim.o(.text)
    TIM_OC2PreloadConfig                     0x08001303   Thumb Code    22  stm32f10x_tim.o(.text)
    TIM_OC3PreloadConfig                     0x08001319   Thumb Code    18  stm32f10x_tim.o(.text)
    TIM_OC4PreloadConfig                     0x0800132b   Thumb Code    22  stm32f10x_tim.o(.text)
    TIM_OC1FastConfig                        0x08001341   Thumb Code    18  stm32f10x_tim.o(.text)
    TIM_OC2FastConfig                        0x08001353   Thumb Code    22  stm32f10x_tim.o(.text)
    TIM_OC3FastConfig                        0x08001369   Thumb Code    18  stm32f10x_tim.o(.text)
    TIM_OC4FastConfig                        0x0800137b   Thumb Code    22  stm32f10x_tim.o(.text)
    TIM_UpdateDisableConfig                  0x08001391   Thumb Code    24  stm32f10x_tim.o(.text)
    TIM_EncoderInterfaceConfig               0x080013a9   Thumb Code    62  stm32f10x_tim.o(.text)
    TIM_GenerateEvent                        0x080013e7   Thumb Code     8  stm32f10x_tim.o(.text)
    TIM_OC1PolarityConfig                    0x080013ef   Thumb Code    18  stm32f10x_tim.o(.text)
    TIM_OC2PolarityConfig                    0x08001401   Thumb Code    22  stm32f10x_tim.o(.text)
    TIM_OC3PolarityConfig                    0x08001417   Thumb Code    22  stm32f10x_tim.o(.text)
    TIM_OC4PolarityConfig                    0x0800142d   Thumb Code    22  stm32f10x_tim.o(.text)
    TIM_UpdateRequestConfig                  0x08001443   Thumb Code    26  stm32f10x_tim.o(.text)
    TIM_SelectHallSensor                     0x0800145d   Thumb Code    24  stm32f10x_tim.o(.text)
    TIM_SelectOnePulseMode                   0x08001475   Thumb Code    18  stm32f10x_tim.o(.text)
    TIM_SelectOutputTrigger                  0x08001487   Thumb Code    16  stm32f10x_tim.o(.text)
    TIM_SelectSlaveMode                      0x08001497   Thumb Code    18  stm32f10x_tim.o(.text)
    TIM_SelectMasterSlaveMode                0x080014a9   Thumb Code    18  stm32f10x_tim.o(.text)
    TIM_SetAutoreload                        0x080014bb   Thumb Code     4  stm32f10x_tim.o(.text)
    TIM_SetCompare1                          0x080014bf   Thumb Code     4  stm32f10x_tim.o(.text)
    TIM_SetCompare2                          0x080014c3   Thumb Code     4  stm32f10x_tim.o(.text)
    TIM_SetCompare3                          0x080014c7   Thumb Code     4  stm32f10x_tim.o(.text)
    TIM_SetCompare4                          0x080014cb   Thumb Code     6  stm32f10x_tim.o(.text)
    TIM_SetClockDivision                     0x080014d1   Thumb Code    14  stm32f10x_tim.o(.text)
    TIM_GetCapture1                          0x080014df   Thumb Code     6  stm32f10x_tim.o(.text)
    TIM_GetCapture2                          0x080014e5   Thumb Code     6  stm32f10x_tim.o(.text)
    TIM_GetCapture3                          0x080014eb   Thumb Code     6  stm32f10x_tim.o(.text)
    TIM_GetCapture4                          0x080014f1   Thumb Code     8  stm32f10x_tim.o(.text)
    TIM_GetCounter                           0x080014f9   Thumb Code     6  stm32f10x_tim.o(.text)
    TIM_GetPrescaler                         0x080014ff   Thumb Code     6  stm32f10x_tim.o(.text)
    TIM_GetFlagStatus                        0x08001505   Thumb Code    18  stm32f10x_tim.o(.text)
    TIM_ClearFlag                            0x08001517   Thumb Code    12  stm32f10x_tim.o(.text)
    TIM_GetITStatus                          0x08001523   Thumb Code    34  stm32f10x_tim.o(.text)
    TIM_ClearITPendingBit                    0x08001545   Thumb Code    12  stm32f10x_tim.o(.text)
    USART_DeInit                             0x08001551   Thumb Code    88  stm32f10x_usart.o(.text)
    USART_Init                               0x080015a9   Thumb Code   168  stm32f10x_usart.o(.text)
    USART_StructInit                         0x08001651   Thumb Code    32  stm32f10x_usart.o(.text)
    USART_Cmd                                0x08001671   Thumb Code    24  stm32f10x_usart.o(.text)
    USART_ITConfig                           0x08001689   Thumb Code    64  stm32f10x_usart.o(.text)
    USART_DMACmd                             0x080016c9   Thumb Code    24  stm32f10x_usart.o(.text)
    USART_SetAddress                         0x080016e1   Thumb Code    18  stm32f10x_usart.o(.text)
    USART_WakeUpConfig                       0x080016f3   Thumb Code    18  stm32f10x_usart.o(.text)
    USART_ReceiverWakeUpCmd                  0x08001705   Thumb Code    24  stm32f10x_usart.o(.text)
    USART_LINBreakDetectLengthConfig         0x0800171d   Thumb Code    18  stm32f10x_usart.o(.text)
    USART_LINCmd                             0x0800172f   Thumb Code    24  stm32f10x_usart.o(.text)
    USART_SendData                           0x08001747   Thumb Code     8  stm32f10x_usart.o(.text)
    USART_ReceiveData                        0x0800174f   Thumb Code    10  stm32f10x_usart.o(.text)
    USART_SendBreak                          0x08001759   Thumb Code    10  stm32f10x_usart.o(.text)
    USART_SetGuardTime                       0x08001763   Thumb Code    16  stm32f10x_usart.o(.text)
    USART_SetPrescaler                       0x08001773   Thumb Code    16  stm32f10x_usart.o(.text)
    USART_SmartCardCmd                       0x08001783   Thumb Code    24  stm32f10x_usart.o(.text)
    USART_SmartCardNACKCmd                   0x0800179b   Thumb Code    24  stm32f10x_usart.o(.text)
    USART_HalfDuplexCmd                      0x080017b3   Thumb Code    24  stm32f10x_usart.o(.text)
    USART_IrDAConfig                         0x080017cb   Thumb Code    18  stm32f10x_usart.o(.text)
    USART_IrDACmd                            0x080017dd   Thumb Code    24  stm32f10x_usart.o(.text)
    USART_GetFlagStatus                      0x080017f5   Thumb Code    18  stm32f10x_usart.o(.text)
    USART_ClearFlag                          0x08001807   Thumb Code    12  stm32f10x_usart.o(.text)
    USART_GetITStatus                        0x08001813   Thumb Code    76  stm32f10x_usart.o(.text)
    USART_ClearITPendingBit                  0x0800185f   Thumb Code    22  stm32f10x_usart.o(.text)
    __WFI                                    0x0800187d   Thumb Code     0  cortexm3_macro_rvds.o(.text)
    __WFE                                    0x08001881   Thumb Code     0  cortexm3_macro_rvds.o(.text)
    __SEV                                    0x08001885   Thumb Code     0  cortexm3_macro_rvds.o(.text)
    __ISB                                    0x08001889   Thumb Code     0  cortexm3_macro_rvds.o(.text)
    __DSB                                    0x0800188f   Thumb Code     0  cortexm3_macro_rvds.o(.text)
    __DMB                                    0x08001895   Thumb Code     0  cortexm3_macro_rvds.o(.text)
    __SVC                                    0x0800189b   Thumb Code     0  cortexm3_macro_rvds.o(.text)
    __MRS_CONTROL                            0x0800189f   Thumb Code     0  cortexm3_macro_rvds.o(.text)
    __MSR_CONTROL                            0x080018a5   Thumb Code     0  cortexm3_macro_rvds.o(.text)
    __MRS_PSP                                0x080018af   Thumb Code     0  cortexm3_macro_rvds.o(.text)
    __MSR_PSP                                0x080018b5   Thumb Code     0  cortexm3_macro_rvds.o(.text)
    __MRS_MSP                                0x080018bb   Thumb Code     0  cortexm3_macro_rvds.o(.text)
    __MSR_MSP                                0x080018c1   Thumb Code     0  cortexm3_macro_rvds.o(.text)
    __SETPRIMASK                             0x080018c7   Thumb Code     0  cortexm3_macro_rvds.o(.text)
    __RESETPRIMASK                           0x080018cb   Thumb Code     0  cortexm3_macro_rvds.o(.text)
    __SETFAULTMASK                           0x080018cf   Thumb Code     0  cortexm3_macro_rvds.o(.text)
    __RESETFAULTMASK                         0x080018d3   Thumb Code     0  cortexm3_macro_rvds.o(.text)
    __BASEPRICONFIG                          0x080018d7   Thumb Code     0  cortexm3_macro_rvds.o(.text)
    __GetBASEPRI                             0x080018dd   Thumb Code     0  cortexm3_macro_rvds.o(.text)
    __REV_HalfWord                           0x080018e3   Thumb Code     0  cortexm3_macro_rvds.o(.text)
    __REV_Word                               0x080018e7   Thumb Code     0  cortexm3_macro_rvds.o(.text)
    assert_failed                            0x080018ed   Thumb Code    18  main.o(.text)
    setupInputModule                         0x080018ff   Thumb Code    86  main.o(.text)
    setupActuatorModule                      0x08001955   Thumb Code   100  main.o(.text)
    getCarPosition                           0x080019b9   Thumb Code    10  main.o(.text)
    setCarTargetPosition                     0x080019c3   Thumb Code    14  main.o(.text)
    setCarMotorStopped                       0x080019d1   Thumb Code    14  main.o(.text)
    main                                     0x080019df   Thumb Code    48  main.o(.text)
    prvSetupHardware                         0x08001a61   Thumb Code   152  setup.o(.text)
    fputc                                    0x08001af9   Thumb Code    24  setup.o(.text)
    setupPinListeners                        0x08001bed   Thumb Code    46  pin_listener.o(.text)
    setupPositionTracker                     0x08001cb5   Thumb Code    94  position_tracker.o(.text)
    setDirection                             0x08001d13   Thumb Code    34  position_tracker.o(.text)
    getPosition                              0x08001d35   Thumb Code    36  position_tracker.o(.text)
    setupMotor                               0x08001f2d   Thumb Code   156  motor.o(.text)
    setTargetPosition                        0x08001fc9   Thumb Code    34  motor.o(.text)
    setMotorStopped                          0x08001feb   Thumb Code    34  motor.o(.text)
    setupPlanner                             0x080021ff   Thumb Code    26  planner.o(.text)
    setupSafety                              0x08002625   Thumb Code    26  safety.o(.text)
    pvPortMalloc                             0x08002701   Thumb Code   194  heap_2.o(.text)
    vPortFree                                0x080027c3   Thumb Code    56  heap_2.o(.text)
    xPortGetFreeHeapSize                     0x080027fb   Thumb Code     6  heap_2.o(.text)
    vPortInitialiseBlocks                    0x08002801   Thumb Code     2  heap_2.o(.text)
    vListInitialise                          0x08002819   Thumb Code    26  list.o(.text)
    vListInitialiseItem                      0x08002833   Thumb Code     6  list.o(.text)
    vListInsertEnd                           0x08002839   Thumb Code    28  list.o(.text)
    vListInsert                              0x08002855   Thumb Code    52  list.o(.text)
    vListRemove                              0x08002889   Thumb Code    36  list.o(.text)
    pxPortInitialiseStack                    0x080028ad   Thumb Code    26  port.o(.text)
    xPortStartScheduler                      0x080028d5   Thumb Code    50  port.o(.text)
    vPortEndScheduler                        0x08002907   Thumb Code     2  port.o(.text)
    vPortYieldFromISR                        0x08002909   Thumb Code    10  port.o(.text)
    vPortEnterCritical                       0x08002913   Thumb Code    18  port.o(.text)
    vPortExitCritical                        0x08002925   Thumb Code    24  port.o(.text)
    xPortSysTickHandler                      0x0800293d   Thumb Code    28  port.o(.text)
    xQueueCreate                             0x08002969   Thumb Code   108  queue.o(.text)
    xQueueGenericSend                        0x08002acb   Thumb Code   202  queue.o(.text)
    xQueueCreateMutex                        0x08002b95   Thumb Code    70  queue.o(.text)
    xQueueGenericSendFromISR                 0x08002bdb   Thumb Code    86  queue.o(.text)
    xQueueGenericReceive                     0x08002c77   Thumb Code   268  queue.o(.text)
    xQueueReceiveFromISR                     0x08002d83   Thumb Code    84  queue.o(.text)
    uxQueueMessagesWaiting                   0x08002dd7   Thumb Code    18  queue.o(.text)
    uxQueueMessagesWaitingFromISR            0x08002de9   Thumb Code     6  queue.o(.text)
    vQueueDelete                             0x08002def   Thumb Code    18  queue.o(.text)
    xQueueIsQueueEmptyFromISR                0x08002e01   Thumb Code    16  queue.o(.text)
    xQueueIsQueueFullFromISR                 0x08002e11   Thumb Code    20  queue.o(.text)
    xTaskGenericCreate                       0x08002eeb   Thumb Code   240  tasks.o(.text)
    vTaskDelete                              0x08002fdb   Thumb Code    94  tasks.o(.text)
    vTaskIncrementTick                       0x08003039   Thumb Code   160  tasks.o(.text)
    xTaskResumeAll                           0x080030d9   Thumb Code   186  tasks.o(.text)
    vTaskSuspendAll                          0x08003193   Thumb Code    12  tasks.o(.text)
    vTaskDelayUntil                          0x0800319f   Thumb Code   228  tasks.o(.text)
    vTaskDelay                               0x08003283   Thumb Code    86  tasks.o(.text)
    uxTaskPriorityGet                        0x080032d9   Thumb Code    30  tasks.o(.text)
    vTaskPrioritySet                         0x080032f7   Thumb Code   160  tasks.o(.text)
    vTaskSwitchContext                       0x08003397   Thumb Code    92  tasks.o(.text)
    vTaskSuspend                             0x080033f3   Thumb Code    96  tasks.o(.text)
    xTaskIsTaskSuspended                     0x08003453   Thumb Code    60  tasks.o(.text)
    vTaskResume                              0x0800348f   Thumb Code    92  tasks.o(.text)
    xTaskResumeFromISR                       0x080034eb   Thumb Code   100  tasks.o(.text)
    vTaskStartScheduler                      0x080035d3   Thumb Code    50  tasks.o(.text)
    vTaskEndScheduler                        0x08003605   Thumb Code    18  tasks.o(.text)
    xTaskGetTickCount                        0x08003617   Thumb Code    18  tasks.o(.text)
    xTaskGetTickCountFromISR                 0x08003629   Thumb Code     6  tasks.o(.text)
    uxTaskGetNumberOfTasks                   0x0800362f   Thumb Code     6  tasks.o(.text)
    vTaskPlaceOnEventList                    0x08003635   Thumb Code   168  tasks.o(.text)
    xTaskRemoveFromEventList                 0x080036dd   Thumb Code   106  tasks.o(.text)
    vTaskSetTimeOutState                     0x08003747   Thumb Code    14  tasks.o(.text)
    xTaskCheckForTimeOut                     0x08003755   Thumb Code    92  tasks.o(.text)
    vTaskMissedYield                         0x080037b1   Thumb Code     8  tasks.o(.text)
    xTaskGetCurrentTaskHandle                0x080037b9   Thumb Code     6  tasks.o(.text)
    vTaskPriorityInherit                     0x080037bf   Thumb Code   108  tasks.o(.text)
    vTaskPriorityDisinherit                  0x0800382b   Thumb Code    70  tasks.o(.text)
    xSerialPortInitMinimal                   0x08003899   Thumb Code   226  serial.o(.text)
    xSerialGetChar                           0x0800397b   Thumb Code    32  serial.o(.text)
    xSerialPutChar                           0x0800399b   Thumb Code    46  serial.o(.text)
    vSerialPutString                         0x080039c9   Thumb Code    38  serial.o(.text)
    vSerialClose                             0x080039ef   Thumb Code     2  serial.o(.text)
    vUARTInterruptHandler                    0x080039f1   Thumb Code   108  serial.o(.text)
    __aeabi_memcpy                           0x08003a6d   Thumb Code    36  memcpya.o(.text)
    __aeabi_memcpy4                          0x08003a6d   Thumb Code     0  memcpya.o(.text)
    __aeabi_memcpy8                          0x08003a6d   Thumb Code     0  memcpya.o(.text)
    __aeabi_memset                           0x08003a91   Thumb Code    14  memseta.o(.text)
    __aeabi_memset4                          0x08003a91   Thumb Code     0  memseta.o(.text)
    __aeabi_memset8                          0x08003a91   Thumb Code     0  memseta.o(.text)
    __aeabi_memclr                           0x08003a9f   Thumb Code     4  memseta.o(.text)
    __aeabi_memclr4                          0x08003a9f   Thumb Code     0  memseta.o(.text)
    __aeabi_memclr8                          0x08003a9f   Thumb Code     0  memseta.o(.text)
    _memset$wrapper                          0x08003aa3   Thumb Code    20  memseta.o(.text)
    strncpy                                  0x08003ab7   Thumb Code    24  strncpy.o(.text)
    __aeabi_uidiv                            0x08003acf   Thumb Code     0  uidiv.o(.text)
    __aeabi_uidivmod                         0x08003acf   Thumb Code    44  uidiv.o(.text)
    __scatterload                            0x08003afd   Thumb Code    28  init.o(.text)
    __scatterload_rt2                        0x08003afd   Thumb Code     0  init.o(.text)
    __0printf$3                              0x08003b21   Thumb Code    22  printf3.o(i.__0printf$3)
    __1printf$3                              0x08003b21   Thumb Code     0  printf3.o(i.__0printf$3)
    __2printf                                0x08003b21   Thumb Code     0  printf3.o(i.__0printf$3)
    __scatterload_copy                       0x08003b41   Thumb Code    14  handlers.o(i.__scatterload_copy)
    __scatterload_null                       0x08003b4f   Thumb Code     2  handlers.o(i.__scatterload_null)
    __scatterload_zeroinit                   0x08003b51   Thumb Code    14  handlers.o(i.__scatterload_zeroinit)
    Region$$Table$$Base                      0x08003d44   Number         0  anon$$obj.o(Region$$Table)
    Region$$Table$$Limit                     0x08003d64   Number         0  anon$$obj.o(Region$$Table)
    pinListeners                             0x20000000   Data          72  main.o(.data)
    listenerSet                              0x20000048   Data          20  main.o(.data)
    pinEventQueue                            0x2000005c   Data           4  main.o(.data)
    pxCurrentTCB                             0x20000080   Data           4  tasks.o(.data)
    __stdout                                 0x200000c0   Data           4  stdout.o(.data)
    carPositionTracker                       0x200000c4   Data          24  main.o(.bss)
    carMotor                                 0x200000dc   Data          28  main.o(.bss)
    __initial_sp                             0x200047c0   Data           0  stm32f10x.o(STACK)



==============================================================================

Memory Map of the image

  Image Entry point : 0x080000ed

  Load Region LR_IROM1 (Base: 0x08000000, Size: 0x00003e28, Max: 0x00020000, ABSOLUTE)

    Execution Region ER_IROM1 (Base: 0x08000000, Size: 0x00003d64, Max: 0x00020000, ABSOLUTE)

    Base Addr    Size         Type   Attr      Idx    E Section Name        Object

    0x08000000   0x000000ec   Data   RO            3    RESET               stm32f10x.o
    0x080000ec   0x00000000   Code   RO          436  * .ARM.Collect$$$$00000000  mc_w.l(entry.o)
    0x080000ec   0x00000004   Code   RO          708    .ARM.Collect$$$$00000001  mc_w.l(entry2.o)
    0x080000f0   0x00000004   Code   RO          711    .ARM.Collect$$$$00000004  mc_w.l(entry5.o)
    0x080000f4   0x00000008   Code   RO          712    .ARM.Collect$$$$00000007  mc_w.l(entry7.o)
    0x080000fc   0x00000004   Code   RO          709    .ARM.Collect$$$$00002712  mc_w.l(entry2.o)
    0x08000100   0x00000088   Code   RO          358    .emb_text           port.o
    0x08000188   0x0000001c   Code   RO            4    .text               stm32f10x.o
    0x080001a4   0x000002dc   Code   RO           10    .text               stm32f10x_gpio.o
    0x08000480   0x00000464   Code   RO           68    .text               stm32f10x_nvic.o
    0x080008e4   0x00000380   Code   RO           80    .text               stm32f10x_rcc.o
    0x08000c64   0x000000c4   Code   RO          106    .text               stm32f10x_systick.o
    0x08000d28   0x00000828   Code   RO          118    .text               stm32f10x_tim.o
    0x08001550   0x0000032c   Code   RO          135    .text               stm32f10x_usart.o
    0x0800187c   0x0000006e   Code   RO          147    .text               cortexm3_macro_rvds.o
    0x080018ea   0x00000002   PAD
    0x080018ec   0x00000174   Code   RO          150    .text               main.o
    0x08001a60   0x000000b8   Code   RO          230    .text               setup.o
    0x08001b18   0x00000134   Code   RO          250    .text               pin_listener.o
    0x08001c4c   0x00000158   Code   RO          272    .text               position_tracker.o
    0x08001da4   0x0000027c   Code   RO          284    .text               motor.o
    0x08002020   0x000002bc   Code   RO          300    .text               planner.o
    0x080022dc   0x00000424   Code   RO          313    .text               safety.o
    0x08002700   0x00000118   Code   RO          325    .text               heap_2.o
    0x08002818   0x00000094   Code   RO          346    .text               list.o
    0x080028ac   0x000000bc   Code   RO          359    .text               port.o
    0x08002968   0x000004bc   Code   RO          376    .text               queue.o
    0x08002e24   0x00000a74   Code   RO          394    .text               tasks.o
    0x08003898   0x000001d4   Code   RO          422    .text               serial.o
    0x08003a6c   0x00000024   Code   RO          439    .text               mc_w.l(memcpya.o)
    0x08003a90   0x00000026   Code   RO          441    .text               mc_w.l(memseta.o)
    0x08003ab6   0x00000018   Code   RO          443    .text               mc_w.l(strncpy.o)
    0x08003ace   0x0000002c   Code   RO          714    .text               mc_w.l(uidiv.o)
    0x08003afa   0x00000002   PAD
    0x08003afc   0x00000024   Code   RO          729    .text               mc_w.l(init.o)
    0x08003b20   0x00000020   Code   RO          536    i.__0printf$3       mc_w.l(printf3.o)
    0x08003b40   0x0000000e   Code   RO          741    i.__scatterload_copy  mc_w.l(handlers.o)
    0x08003b4e   0x00000002   Code   RO          742    i.__scatterload_null  mc_w.l(handlers.o)
    0x08003b50   0x0000000e   Code   RO          743    i.__scatterload_zeroinit  mc_w.l(handlers.o)
    0x08003b5e   0x00000002   PAD
    0x08003b60   0x000001b4   Code   RO          543    i._printf_core      mc_w.l(printf3.o)
    0x08003d14   0x00000014   Data   RO           81    .constdata          stm32f10x_rcc.o
    0x08003d28   0x00000010   Data   RO          119    .constdata          stm32f10x_tim.o
    0x08003d38   0x0000000c   Data   RO          301    .constdata          planner.o
    0x08003d44   0x00000020   Data   RO          739    Region$$Table       anon$$obj.o


    Execution Region RW_IRAM1 (Base: 0x20000000, Size: 0x000047c0, Max: 0x00005000, ABSOLUTE)

    Base Addr    Size         Type   Attr      Idx    E Section Name        Object

    0x20000000   0x00000060   Data   RW          152    .data               main.o
    0x20000060   0x00000004   Data   RW          231    .data               setup.o
    0x20000064   0x00000018   Data   RW          327    .data               heap_2.o
    0x2000007c   0x00000004   Data   RW          360    .data               port.o
    0x20000080   0x00000038   Data   RW          396    .data               tasks.o
    0x200000b8   0x00000008   Data   RW          423    .data               serial.o
    0x200000c0   0x00000004   Data   RW          713    .data               mc_w.l(stdout.o)
    0x200000c4   0x00000034   Zero   RW          151    .bss                main.o
    0x200000f8   0x00004400   Zero   RW          326    .bss                heap_2.o
    0x200044f8   0x000000c8   Zero   RW          395    .bss                tasks.o
    0x200045c0   0x00000200   Zero   RW            1    STACK               stm32f10x.o


==============================================================================

Image component sizes


      Code (inc. data)   RO Data    RW Data    ZI Data      Debug   Object Name

       110          0          0          0          0        316   cortexm3_macro_rvds.o
       280         22          0         24      17408       4456   heap_2.o
       148          0          0          0          0       1657   list.o
       372         82          0         96         52      13898   main.o
       636         20          0          0          0       3259   motor.o
       308         50          0          0          0       2468   pin_listener.o
       700        206         12          0          0       1591   planner.o
       324         28          0          4          0       2277   port.o
       344         76          0          0          0       1800   position_tracker.o
      1212          0          0          0          0       7039   queue.o
      1060        194          0          0          0       2006   safety.o
       468         16          0          8          0       2399   serial.o
       184          8          0          4          0       1581   setup.o
        28          4        236          0        512        724   stm32f10x.o
       732         16          0          0          0      27391   stm32f10x_gpio.o
         0          0          0          0          0      11020   stm32f10x_lib.o
      1124         78          0          0          0       7176   stm32f10x_nvic.o
       896         54         20          0          0       8214   stm32f10x_rcc.o
       196          0          0          0          0       1541   stm32f10x_systick.o
      2088         12         16          0          0      31576   stm32f10x_tim.o
       812          8          0          0          0       7129   stm32f10x_usart.o
      2676        192          0         56        200      12057   tasks.o

    ----------------------------------------------------------------------
     14700       1066        316        192      18172     151575   Object Totals
         0          0         32          0          0          0   (incl. Generated)
         2          0          0          0          0          1   (incl. Padding)

    ----------------------------------------------------------------------

      Code (inc. data)   RO Data    RW Data    ZI Data      Debug   Library Member Name

         0          0          0          0          0          0   entry.o
         8          4          0          0          0          0   entry2.o
         4          0          0          0          0          0   entry5.o
         8          4          0          0          0          0   entry7.o
        30          0          0          0          0          0   handlers.o
        36          8          0          0          0         68   init.o
        36          0          0          0          0         68   memcpya.o
        38          0          0          0          0        108   memseta.o
       468         14          0          0          0        180   printf3.o
         0          0          0          4          0          0   stdout.o
        24          0          0          0          0         76   strncpy.o
        44          0          0          0          0         80   uidiv.o

    ----------------------------------------------------------------------
       700         30          0          4          0        580   Library Totals
         4          0          0          0          0          0   (incl. Padding)

    ----------------------------------------------------------------------

      Code (inc. data)   RO Data    RW Data    ZI Data      Debug   Library Name

       696         30          0          4          0        580   mc_w.l

    ----------------------------------------------------------------------
       700         30          0          4          0        580   Library Totals

    ----------------------------------------------------------------------

==============================================================================


      Code (inc. data)   RO Data    RW Data    ZI Data      Debug   

     15400       1096        316        196      18172     149712   Grand Totals
     15400       1096        316        196      18172     149712   ELF Image Totals
     15400       1096        316        196          0          0   ROM Totals

==============================================================================

    Total RO  Size (Code + RO Data)                15716 (  15.35kB)
    Total RW  Size (RW Data + ZI Data)             18368 (  17.94kB)
    Total ROM Size (Code + RO Data + RW Data)      15912 (  15.54kB)

==============================================================================

