<html>
<body>
<pre>
<h1>µVision Build Log</h1>
<h2>Project:</h2>
E:\documents\period 3\programming embedded systems\Keil\lab1_skeleton_elevator\elevator\lab_env.uvproj
Project File Date:  01/24/2011

<h2>Output:</h2>
Clean started: Project: 'lab_env'
   deleting intermediate output files for target 'Target 1'
Build target 'Target 1'
assembling STM32F10x.s...
compiling stm32f10x_gpio.c...
compiling stm32f10x_lib.c...
compiling stm32f10x_nvic.c...
compiling stm32f10x_rcc.c...
compiling stm32f10x_spi.c...
compiling stm32f10x_systick.c...
compiling stm32f10x_tim.c...
compiling stm32f10x_usart.c...
assembling cortexm3_macro_rvds.s...
compiling main.c...
compiling setup.c...
compiling pin_listener.c...
pin_listener.c(32): warning:  #223-D: function "printf" declared implicitly
pin_listener.c(52): warning:  #223-D: function "printf" declared implicitly
compiling position_tracker.c...
position_tracker.c(20): warning:  #188-D: enumerated type mixed with another type
position_tracker.c(23): warning:  #188-D: enumerated type mixed with another type
position_tracker.c(38): warning:  #188-D: enumerated type mixed with another type
position_tracker.c(41): warning:  #188-D: enumerated type mixed with another type
position_tracker.c(44): warning:  #223-D: function "printf" declared implicitly
compiling motor.c...
compiling planner.c...
compiling safety.c...
safety.c(84): warning:  #223-D: function "abs" declared implicitly
compiling heap_2.c...
compiling list.c...
compiling port.c...
compiling queue.c...
compiling tasks.c...
compiling serial.c...
linking...
Program Size: Code=18112 RO-data=316 RW-data=196 ZI-data=18172  
"stm32_exec.axf" - 0 Error(s), 8 Warning(s).
Clean started: Project: 'lab_env'
   deleting intermediate output files for target 'Target 1'
